I'm sorry, but errors were detected in your script. Please correct the
errors listed below, and try again.


File "game/script.rpy", line 10: invalid syntax
    define tester = Character(test, color = "#99ccff")
                 ^
    

Ren'Py Version: Ren'Py 7.4.11.2266
Thu Mar 17 14:03:44 2022
